// Jest Snapshot v1, https://goo.gl/fbAQLP

exports[`style generateBootstrapVars 1`] = `
"$blue: #1cb7f0 !default;
$green: #5cb85c !default;
$yellow: #f28c48 !default;
$red: #fa5b50 !default;
$cyan: #5bc0de !default;
"
`;
